Initial computation
CIM config: array_height=64, array_width=24, Nbank=24, core_count=16
simulating q_proj
simulating k_proj
simulating v_proj
simulating q_mul_k
simulating a_mul_v
simulating o_proj
simulating gate_proj
simulating up_proj
simulating down_proj

================================================================================
Matmul操作统计 (仅Matmul)
================================================================================

----- Q_mul_K -----
  Shape: M=8192, N=8192, K=1536
  策略: parallelized, effective_scale=1
  Weight写入: 12.58 MB (raw: 12.58 MB, cycles=844512)
  Weight重写次数: 32 (raw: 32, per complete weight: 32.0)
  Activation读取次数: 32.00x (input act), 写出次数: 12.00x (output act)
  DRAM read: 402.65 MB, write: 805.31 MB
  Mapping: K_factor=1, M_factor=16, N_factor=1
  Tile分割: L2=(512, 256, 1536), L1=(512, 256, 1536), loop=nmk, double_buf=True
  Latency (pipeline后): total=99631617 cycles, compute=44739584 cycles, dram=55096097 cycles
    compute占比=44.9% (compute/raw sum, pipeline中compute与DRAM read重叠)
  TOPS: 2.07 TOPS (flop=206.16 GFLOP, latency=99631.62 us, freq=1.00 GHz)

----- A_mul_V -----
  Shape: M=8192, N=128, K=8192
  策略: serialized, effective_scale=12
  Weight写入: 12.58 MB (raw: 1.05 MB, cycles=70376)
  Weight重写次数: 24 (raw: 2, per complete weight: 24.0)
  Activation读取次数: 24.00x (input act), 写出次数: 12.00x (output act)
  DRAM read: 1.61 GB, write: 12.58 MB
  Mapping: K_factor=1, M_factor=16, N_factor=1
  Tile分割: L2=(64, 64, 8192), L1=(64, 64, 8192), loop=nmk, double_buf=True
  Latency (pipeline后): total=46429920 cycles, compute=44740608 cycles, dram=5041152 cycles
    compute占比=96.4% (compute/raw sum, pipeline中compute与DRAM read重叠)
  TOPS: 4.44 TOPS (flop=206.16 GFLOP, latency=46429.92 us, freq=1.00 GHz)

----- H_matmul0 -----
  Shape: M=8192, N=1536, K=1536
  策略: N/A, effective_scale=1
  Weight写入: 2.36 MB (raw: 2.36 MB, cycles=158346)
  Weight重写次数: 6 (raw: 6, per complete weight: 6.0)
  Activation读取次数: 6.00x (input act), 写出次数: 1.00x (output act)
  DRAM read: 75.50 MB, write: 12.58 MB
  Mapping: K_factor=1, M_factor=16, N_factor=1
  Tile分割: L2=(512, 256, 1536), L1=(512, 256, 1536), loop=nmk, double_buf=True
  Latency (pipeline后): total=9391530 cycles, compute=8388672 cycles, dram=1041120 cycles
    compute占比=89.3% (compute/raw sum, pipeline中compute与DRAM read重叠)
  TOPS: 4.12 TOPS (flop=38.65 GFLOP, latency=9391.53 us, freq=1.00 GHz)

----- Q_proj -----
  Shape: M=8192, N=1536, K=1536
  策略: N/A, effective_scale=1
  Weight写入: 2.36 MB (raw: 2.36 MB, cycles=158346)
  Weight重写次数: 6 (raw: 6, per complete weight: 6.0)
  Activation读取次数: 6.00x (input act), 写出次数: 1.00x (output act)
  DRAM read: 75.50 MB, write: 12.58 MB
  Mapping: K_factor=1, M_factor=16, N_factor=1
  Tile分割: L2=(512, 256, 1536), L1=(512, 256, 1536), loop=nmk, double_buf=True
  Latency (pipeline后): total=9391530 cycles, compute=8388672 cycles, dram=1041120 cycles
    compute占比=89.3% (compute/raw sum, pipeline中compute与DRAM read重叠)
  TOPS: 4.12 TOPS (flop=38.65 GFLOP, latency=9391.53 us, freq=1.00 GHz)

----- K_proj -----
  Shape: M=8192, N=256, K=1536
  策略: N/A, effective_scale=1
  Weight写入: 393.22 KB (raw: 393.22 KB, cycles=26391)
  Weight重写次数: 1 (raw: 1, per complete weight: 1.0)
  Activation读取次数: 1.00x (input act), 写出次数: 1.00x (output act)
  DRAM read: 12.58 MB, write: 2.10 MB
  Mapping: K_factor=1, M_factor=16, N_factor=1
  Tile分割: L2=(512, 256, 1536), L1=(512, 256, 1536), loop=nmk, double_buf=True
  Latency (pipeline后): total=1565255 cycles, compute=1398112 cycles, dram=173520 cycles
    compute占比=89.3% (compute/raw sum, pipeline中compute与DRAM read重叠)
  TOPS: 4.12 TOPS (flop=6.44 GFLOP, latency=1565.25 us, freq=1.00 GHz)

----- V_proj -----
  Shape: M=8192, N=256, K=1536
  策略: N/A, effective_scale=1
  Weight写入: 393.22 KB (raw: 393.22 KB, cycles=26391)
  Weight重写次数: 1 (raw: 1, per complete weight: 1.0)
  Activation读取次数: 1.00x (input act), 写出次数: 1.00x (output act)
  DRAM read: 12.58 MB, write: 2.10 MB
  Mapping: K_factor=1, M_factor=16, N_factor=1
  Tile分割: L2=(512, 256, 1536), L1=(512, 256, 1536), loop=nmk, double_buf=True
  Latency (pipeline后): total=1565255 cycles, compute=1398112 cycles, dram=173520 cycles
    compute占比=89.3% (compute/raw sum, pipeline中compute与DRAM read重叠)
  TOPS: 4.12 TOPS (flop=6.44 GFLOP, latency=1565.25 us, freq=1.00 GHz)

----- Gate_proj -----
  Shape: M=8192, N=8960, K=1536
  策略: N/A, effective_scale=1
  Weight写入: 13.76 MB (raw: 13.76 MB, cycles=923685)
  Weight重写次数: 35 (raw: 35, per complete weight: 35.0)
  Activation读取次数: 35.00x (input act), 写出次数: 1.00x (output act)
  DRAM read: 440.40 MB, write: 73.40 MB
  Mapping: K_factor=1, M_factor=16, N_factor=1
  Tile分割: L2=(512, 256, 1536), L1=(512, 256, 1536), loop=nmk, double_buf=True
  Latency (pipeline后): total=54783925 cycles, compute=48933920 cycles, dram=6073200 cycles
    compute占比=89.3% (compute/raw sum, pipeline中compute与DRAM read重叠)
  TOPS: 4.12 TOPS (flop=225.49 GFLOP, latency=54783.92 us, freq=1.00 GHz)

----- Up_proj -----
  Shape: M=8192, N=8960, K=1536
  策略: N/A, effective_scale=1
  Weight写入: 13.76 MB (raw: 13.76 MB, cycles=923685)
  Weight重写次数: 35 (raw: 35, per complete weight: 35.0)
  Activation读取次数: 35.00x (input act), 写出次数: 1.00x (output act)
  DRAM read: 440.40 MB, write: 73.40 MB
  Mapping: K_factor=1, M_factor=16, N_factor=1
  Tile分割: L2=(512, 256, 1536), L1=(512, 256, 1536), loop=nmk, double_buf=True
  Latency (pipeline后): total=54783925 cycles, compute=48933920 cycles, dram=6073200 cycles
    compute占比=89.3% (compute/raw sum, pipeline中compute与DRAM read重叠)
  TOPS: 4.12 TOPS (flop=225.49 GFLOP, latency=54783.92 us, freq=1.00 GHz)

----- Down_proj -----
  Shape: M=8192, N=1536, K=8960
  策略: N/A, effective_scale=1
  Weight写入: 110.10 MB (raw: 110.10 MB, cycles=7389480)
  Weight重写次数: 54 (raw: 54, per complete weight: 54.0)
  Activation读取次数: 3.00x (input act), 写出次数: 18.00x (output act)
  DRAM read: 220.20 MB, write: 226.49 MB
  Mapping: K_factor=16, M_factor=1, N_factor=1
  Tile分割: L2=(1024, 512, 512), L1=(1024, 512, 512), loop=nmk, double_buf=True
  Latency (pipeline后): total=80376168 cycles, compute=48933792 cycles, dram=15774936 cycles
    compute占比=60.9% (compute/raw sum, pipeline中compute与DRAM read重叠)
  TOPS: 2.81 TOPS (flop=225.49 GFLOP, latency=80376.17 us, freq=1.00 GHz)

================================================================================
所有Matmul总计: latency=357919125 cycles, compute=255855392 cycles, dram=90487865 cycles, compute占比=71.5%
所有Matmul总计: TOPS=3.29 TOPS (总FLOP=1178.97 GFLOP, 总延迟=357919.12 us)
所有Matmul总计: weight_write_bytes=168.30 MB

================================================================================
完整模型 Prefill 汇总 (n_layers=28, output_token_length=1, 总layer步数=28)
  总延迟: 10021735490 cycles (10021735.49 us, 10021.7355 ms)
  总FLOP: 33011.12 GFLOP (33.0111 TFLOP)
  总TOPS: 3.29 TOPS
  总 Weight写入: 4.71 GB
  总 DRAM read: 92.13 GB
  总 DRAM write: 34.18 GB
  注意: Prefill阶段, 单层统计 × n_layers
================================================================================
Profiler stats written to ae/figure5/ijkl/transformer_CIM_qwen_sim_profiler.json
