Initial computation
CIM config: array_height=64, array_width=16, Nbank=24, core_count=16
simulating q_proj
simulating k_proj
simulating v_proj
simulating q_mul_k
simulating a_mul_v
simulating o_proj
simulating gate_proj
simulating up_proj
simulating down_proj

================================================================================
Matmul操作统计 (仅Matmul)
================================================================================

----- Q_mul_K -----
  Shape: M=8192, N=8192, K=1536
  策略: parallelized, effective_scale=1
  Weight写入: 12.58 MB (raw: 12.58 MB, cycles=844512)
  Weight重写次数: 32 (raw: 32, per complete weight: 32.0)
  Activation读取次数: 32.00x (input act), 写出次数: 12.00x (output act)
  DRAM read: 402.65 MB, write: 805.31 MB
  Mapping: K_factor=1, M_factor=16, N_factor=1
  Tile分割: L2=(512, 256, 1536), L1=(512, 256, 1536), loop=nmk, double_buf=True
  Latency (pipeline后): total=122000897 cycles, compute=67108864 cycles, dram=55620385 cycles
    compute占比=55.0% (compute/raw sum, pipeline中compute与DRAM read重叠)
  TOPS: 1.69 TOPS (flop=206.16 GFLOP, latency=122000.90 us, freq=1.00 GHz)

----- A_mul_V -----
  Shape: M=8192, N=128, K=8192
  策略: serialized, effective_scale=12
  Weight写入: 12.58 MB (raw: 1.05 MB, cycles=70376)
  Weight重写次数: 48 (raw: 4, per complete weight: 48.0)
  Activation读取次数: 48.00x (input act), 写出次数: 12.00x (output act)
  DRAM read: 3.22 GB, write: 12.58 MB
  Mapping: K_factor=1, M_factor=16, N_factor=1
  Tile分割: L2=(64, 32, 8192), L1=(64, 32, 8192), loop=nmk, double_buf=True
  Latency (pipeline后): total=68803296 cycles, compute=67110912 cycles, dram=13430784 cycles
    compute占比=97.5% (compute/raw sum, pipeline中compute与DRAM read重叠)
  TOPS: 3.00 TOPS (flop=206.16 GFLOP, latency=68803.30 us, freq=1.00 GHz)

----- H_matmul0 -----
  Shape: M=8192, N=1536, K=1536
  策略: N/A, effective_scale=1
  Weight写入: 2.36 MB (raw: 2.36 MB, cycles=158346)
  Weight重写次数: 6 (raw: 6, per complete weight: 6.0)
  Activation读取次数: 6.00x (input act), 写出次数: 1.00x (output act)
  DRAM read: 75.50 MB, write: 12.58 MB
  Mapping: K_factor=1, M_factor=16, N_factor=1
  Tile分割: L2=(512, 256, 1536), L1=(512, 256, 1536), loop=nmk, double_buf=True
  Latency (pipeline后): total=13585770 cycles, compute=12582912 cycles, dram=1139424 cycles
    compute占比=92.6% (compute/raw sum, pipeline中compute与DRAM read重叠)
  TOPS: 2.85 TOPS (flop=38.65 GFLOP, latency=13585.77 us, freq=1.00 GHz)

----- Q_proj -----
  Shape: M=8192, N=1536, K=1536
  策略: N/A, effective_scale=1
  Weight写入: 2.36 MB (raw: 2.36 MB, cycles=158346)
  Weight重写次数: 6 (raw: 6, per complete weight: 6.0)
  Activation读取次数: 6.00x (input act), 写出次数: 1.00x (output act)
  DRAM read: 75.50 MB, write: 12.58 MB
  Mapping: K_factor=1, M_factor=16, N_factor=1
  Tile分割: L2=(512, 256, 1536), L1=(512, 256, 1536), loop=nmk, double_buf=True
  Latency (pipeline后): total=13585770 cycles, compute=12582912 cycles, dram=1139424 cycles
    compute占比=92.6% (compute/raw sum, pipeline中compute与DRAM read重叠)
  TOPS: 2.85 TOPS (flop=38.65 GFLOP, latency=13585.77 us, freq=1.00 GHz)

----- K_proj -----
  Shape: M=8192, N=256, K=1536
  策略: N/A, effective_scale=1
  Weight写入: 393.22 KB (raw: 393.22 KB, cycles=26391)
  Weight重写次数: 1 (raw: 1, per complete weight: 1.0)
  Activation读取次数: 1.00x (input act), 写出次数: 1.00x (output act)
  DRAM read: 12.58 MB, write: 2.10 MB
  Mapping: K_factor=1, M_factor=16, N_factor=1
  Tile分割: L2=(512, 256, 1536), L1=(512, 256, 1536), loop=nmk, double_buf=True
  Latency (pipeline后): total=2264295 cycles, compute=2097152 cycles, dram=189904 cycles
    compute占比=92.6% (compute/raw sum, pipeline中compute与DRAM read重叠)
  TOPS: 2.85 TOPS (flop=6.44 GFLOP, latency=2264.30 us, freq=1.00 GHz)

----- V_proj -----
  Shape: M=8192, N=256, K=1536
  策略: N/A, effective_scale=1
  Weight写入: 393.22 KB (raw: 393.22 KB, cycles=26391)
  Weight重写次数: 1 (raw: 1, per complete weight: 1.0)
  Activation读取次数: 1.00x (input act), 写出次数: 1.00x (output act)
  DRAM read: 12.58 MB, write: 2.10 MB
  Mapping: K_factor=1, M_factor=16, N_factor=1
  Tile分割: L2=(512, 256, 1536), L1=(512, 256, 1536), loop=nmk, double_buf=True
  Latency (pipeline后): total=2264295 cycles, compute=2097152 cycles, dram=189904 cycles
    compute占比=92.6% (compute/raw sum, pipeline中compute与DRAM read重叠)
  TOPS: 2.85 TOPS (flop=6.44 GFLOP, latency=2264.30 us, freq=1.00 GHz)

----- Gate_proj -----
  Shape: M=8192, N=8960, K=1536
  策略: N/A, effective_scale=1
  Weight写入: 13.76 MB (raw: 13.76 MB, cycles=923685)
  Weight重写次数: 35 (raw: 35, per complete weight: 35.0)
  Activation读取次数: 35.00x (input act), 写出次数: 1.00x (output act)
  DRAM read: 440.40 MB, write: 73.40 MB
  Mapping: K_factor=1, M_factor=16, N_factor=1
  Tile分割: L2=(512, 256, 1536), L1=(512, 256, 1536), loop=nmk, double_buf=True
  Latency (pipeline后): total=79250325 cycles, compute=73400320 cycles, dram=6646640 cycles
    compute占比=92.6% (compute/raw sum, pipeline中compute与DRAM read重叠)
  TOPS: 2.85 TOPS (flop=225.49 GFLOP, latency=79250.32 us, freq=1.00 GHz)

----- Up_proj -----
  Shape: M=8192, N=8960, K=1536
  策略: N/A, effective_scale=1
  Weight写入: 13.76 MB (raw: 13.76 MB, cycles=923685)
  Weight重写次数: 35 (raw: 35, per complete weight: 35.0)
  Activation读取次数: 35.00x (input act), 写出次数: 1.00x (output act)
  DRAM read: 440.40 MB, write: 73.40 MB
  Mapping: K_factor=1, M_factor=16, N_factor=1
  Tile分割: L2=(512, 256, 1536), L1=(512, 256, 1536), loop=nmk, double_buf=True
  Latency (pipeline后): total=79250325 cycles, compute=73400320 cycles, dram=6646640 cycles
    compute占比=92.6% (compute/raw sum, pipeline中compute与DRAM read重叠)
  TOPS: 2.85 TOPS (flop=225.49 GFLOP, latency=79250.32 us, freq=1.00 GHz)

----- Down_proj -----
  Shape: M=8192, N=1536, K=8960
  策略: N/A, effective_scale=1
  Weight写入: 110.10 MB (raw: 110.10 MB, cycles=7389480)
  Weight重写次数: 54 (raw: 54, per complete weight: 54.0)
  Activation读取次数: 3.00x (input act), 写出次数: 18.00x (output act)
  DRAM read: 220.20 MB, write: 226.49 MB
  Mapping: K_factor=16, M_factor=1, N_factor=1
  Tile分割: L2=(1024, 512, 512), L1=(1024, 512, 512), loop=nmk, double_buf=True
  Latency (pipeline后): total=109262208 cycles, compute=73400472 cycles, dram=16061376 cycles
    compute占比=67.2% (compute/raw sum, pipeline中compute与DRAM read重叠)
  TOPS: 2.06 TOPS (flop=225.49 GFLOP, latency=109262.21 us, freq=1.00 GHz)

================================================================================
所有Matmul总计: latency=490267181 cycles, compute=383781016 cycles, dram=101064481 cycles, compute占比=78.3%
所有Matmul总计: TOPS=2.40 TOPS (总FLOP=1178.97 GFLOP, 总延迟=490267.18 us)
所有Matmul总计: weight_write_bytes=168.30 MB

================================================================================
完整模型 Prefill 汇总 (n_layers=28, output_token_length=1, 总layer步数=28)
  总延迟: 13727481058 cycles (13727481.06 us, 13727.4811 ms)
  总FLOP: 33011.12 GFLOP (33.0111 TFLOP)
  总TOPS: 2.40 TOPS
  总 Weight写入: 4.71 GB
  总 DRAM read: 137.23 GB
  总 DRAM write: 34.18 GB
  注意: Prefill阶段, 单层统计 × n_layers
================================================================================
Profiler stats written to ae/figure5/ijkl/transformer_CIM_qwen_sim_profiler.json
