Auto-regression / Decode
CIM config: array_height=64, array_width=16, Nbank=24, core_count=16

================================================================================
Matmul操作统计 (仅Matmul)
================================================================================

----- Q_mul_K -----
  Shape: M=1, N=16385, K=1536
  策略: parallelized, effective_scale=1
  Weight写入: 25.17 MB (raw: 25.17 MB, cycles=1689128)
  Weight重写次数: 65 (raw: 65, per complete weight: 65.0)
  Activation读取次数: 65.00x (input act), 写出次数: 12.00x (output act)
  DRAM read: 99.84 KB, write: 196.62 KB
  Mapping: K_factor=1, M_factor=1, N_factor=16
  Tile分割: L2=(1, 256, 1536), L1=(1, 256, 1536), loop=nmk, double_buf=True
  Latency (pipeline后): total=1718767 cycles, compute=16385 cycles, dram=13639 cycles
    compute占比=1.0% (compute/raw sum, pipeline中compute与DRAM read重叠)
  TOPS: 0.03 TOPS (flop=0.05 GFLOP, latency=1718.77 us, freq=1.00 GHz)

----- A_mul_V -----
  Shape: M=1, N=128, K=196620
  策略: parallelized, effective_scale=1
  Weight写入: 25.17 MB (raw: 25.17 MB, cycles=1689128)
  Weight重写次数: 100 (raw: 100, per complete weight: 100.0)
  Activation读取次数: 4.00x (input act), 写出次数: 36.00x (output act)
  DRAM read: 786.48 KB, write: 4.61 KB
  Mapping: K_factor=16, M_factor=1, N_factor=1
  Tile分割: L2=(1, 32, 8192), L1=(1, 32, 8192), loop=nmk, double_buf=True
  Latency (pipeline后): total=1707442 cycles, compute=16420 cycles, dram=3470 cycles
    compute占比=1.0% (compute/raw sum, pipeline中compute与DRAM read重叠)
  TOPS: 0.03 TOPS (flop=0.05 GFLOP, latency=1707.44 us, freq=1.00 GHz)

----- H_matmul0 -----
  Shape: M=1, N=1536, K=1536
  策略: N/A, effective_scale=1
  Weight写入: 2.36 MB (raw: 2.36 MB, cycles=158352)
  Weight重写次数: 24 (raw: 24, per complete weight: 24.0)
  Activation读取次数: 24.00x (input act), 写出次数: 1.00x (output act)
  DRAM read: 36.86 KB, write: 1.54 KB
  Mapping: K_factor=1, M_factor=1, N_factor=16
  Tile分割: L2=(1, 64, 1536), L1=(1, 64, 1536), loop=nmk, double_buf=True
  Latency (pipeline后): total=160008 cycles, compute=1536 cycles, dram=264 cycles
    compute占比=1.0% (compute/raw sum, pipeline中compute与DRAM read重叠)
  TOPS: 0.03 TOPS (flop=0.00 GFLOP, latency=160.01 us, freq=1.00 GHz)

----- Q_proj -----
  Shape: M=1, N=1536, K=1536
  策略: N/A, effective_scale=1
  Weight写入: 2.36 MB (raw: 2.36 MB, cycles=158352)
  Weight重写次数: 24 (raw: 24, per complete weight: 24.0)
  Activation读取次数: 24.00x (input act), 写出次数: 1.00x (output act)
  DRAM read: 36.86 KB, write: 1.54 KB
  Mapping: K_factor=1, M_factor=1, N_factor=16
  Tile分割: L2=(1, 64, 1536), L1=(1, 64, 1536), loop=nmk, double_buf=True
  Latency (pipeline后): total=160008 cycles, compute=1536 cycles, dram=264 cycles
    compute占比=1.0% (compute/raw sum, pipeline中compute与DRAM read重叠)
  TOPS: 0.03 TOPS (flop=0.00 GFLOP, latency=160.01 us, freq=1.00 GHz)

----- K_proj -----
  Shape: M=1, N=256, K=1536
  策略: N/A, effective_scale=1
  Weight写入: 393.22 KB (raw: 393.22 KB, cycles=26400)
  Weight重写次数: 16 (raw: 16, per complete weight: 16.0)
  Activation读取次数: 8.00x (input act), 写出次数: 2.00x (output act)
  DRAM read: 12.29 KB, write: 512 B
  Mapping: K_factor=2, M_factor=1, N_factor=8
  Tile分割: L2=(1, 32, 1024), L1=(1, 32, 1024), loop=nmk, double_buf=True
  Latency (pipeline后): total=26728 cycles, compute=264 cycles, dram=96 cycles
    compute占比=1.0% (compute/raw sum, pipeline中compute与DRAM read重叠)
  TOPS: 0.03 TOPS (flop=0.00 GFLOP, latency=26.73 us, freq=1.00 GHz)

----- V_proj -----
  Shape: M=1, N=256, K=1536
  策略: N/A, effective_scale=1
  Weight写入: 393.22 KB (raw: 393.22 KB, cycles=26400)
  Weight重写次数: 16 (raw: 16, per complete weight: 16.0)
  Activation读取次数: 8.00x (input act), 写出次数: 2.00x (output act)
  DRAM read: 12.29 KB, write: 512 B
  Mapping: K_factor=2, M_factor=1, N_factor=8
  Tile分割: L2=(1, 32, 1024), L1=(1, 32, 1024), loop=nmk, double_buf=True
  Latency (pipeline后): total=26728 cycles, compute=264 cycles, dram=96 cycles
    compute占比=1.0% (compute/raw sum, pipeline中compute与DRAM read重叠)
  TOPS: 0.03 TOPS (flop=0.00 GFLOP, latency=26.73 us, freq=1.00 GHz)

----- Gate_proj -----
  Shape: M=1, N=8960, K=1536
  策略: N/A, effective_scale=1
  Weight写入: 13.76 MB (raw: 13.76 MB, cycles=923685)
  Weight重写次数: 35 (raw: 35, per complete weight: 35.0)
  Activation读取次数: 35.00x (input act), 写出次数: 1.00x (output act)
  DRAM read: 53.76 KB, write: 8.96 KB
  Mapping: K_factor=1, M_factor=1, N_factor=16
  Tile分割: L2=(1, 256, 1536), L1=(1, 256, 1536), loop=nmk, double_buf=True
  Latency (pipeline后): total=933275 cycles, compute=8960 cycles, dram=840 cycles
    compute占比=1.0% (compute/raw sum, pipeline中compute与DRAM read重叠)
  TOPS: 0.03 TOPS (flop=0.03 GFLOP, latency=933.27 us, freq=1.00 GHz)

----- Up_proj -----
  Shape: M=1, N=8960, K=1536
  策略: N/A, effective_scale=1
  Weight写入: 13.76 MB (raw: 13.76 MB, cycles=923685)
  Weight重写次数: 35 (raw: 35, per complete weight: 35.0)
  Activation读取次数: 35.00x (input act), 写出次数: 1.00x (output act)
  DRAM read: 53.76 KB, write: 8.96 KB
  Mapping: K_factor=1, M_factor=1, N_factor=16
  Tile分割: L2=(1, 256, 1536), L1=(1, 256, 1536), loop=nmk, double_buf=True
  Latency (pipeline后): total=933275 cycles, compute=8960 cycles, dram=840 cycles
    compute占比=1.0% (compute/raw sum, pipeline中compute与DRAM read重叠)
  TOPS: 0.03 TOPS (flop=0.03 GFLOP, latency=933.27 us, freq=1.00 GHz)

----- Down_proj -----
  Shape: M=1, N=1536, K=8960
  策略: N/A, effective_scale=1
  Weight写入: 13.76 MB (raw: 13.76 MB, cycles=923712)
  Weight重写次数: 96 (raw: 96, per complete weight: 96.0)
  Activation读取次数: 48.00x (input act), 写出次数: 2.00x (output act)
  DRAM read: 430.08 KB, write: 3.07 KB
  Mapping: K_factor=2, M_factor=1, N_factor=8
  Tile分割: L2=(1, 32, 8192), L1=(1, 32, 8192), loop=nmk, double_buf=True
  Latency (pipeline后): total=933072 cycles, compute=8976 cycles, dram=1968 cycles
    compute占比=1.0% (compute/raw sum, pipeline中compute与DRAM read重叠)
  TOPS: 0.03 TOPS (flop=0.03 GFLOP, latency=933.07 us, freq=1.00 GHz)

================================================================================
所有Matmul总计: latency=6599304 cycles, compute=63301 cycles, dram=21478 cycles, compute占比=1.0%
所有Matmul总计: TOPS=0.03 TOPS (总FLOP=0.19 GFLOP, 总延迟=6599.30 us)
所有Matmul总计: weight_write_bytes=97.13 MB

================================================================================
完整模型 Decode 汇总 (n_layers=28, output_token_length=8192, 总layer步数=229376)
  总延迟: 1513721909660 cycles (1513721909.66 us, 1513721.9097 ms)
  总FLOP: 44557.40 GFLOP (44.5574 TFLOP)
  总TOPS: 0.03 TOPS
  总 Weight写入: 22278.70 GB
  总 DRAM read: 349.16 GB
  总 DRAM write: 51.91 GB
  注意: 此汇总假设所有decode步骤的KV cache长度相同(近似)
================================================================================
Profiler stats written to ae/figure5/ijkl/transformerAR_CIM_qwen_sim_profiler.json
