Auto-regression / Decode
CIM config: array_height=64, array_width=88, Nbank=24, core_count=16

================================================================================
Matmul操作统计 (仅Matmul)
================================================================================

----- Q_mul_K -----
  Shape: M=1, N=16385, K=1536
  策略: parallelized, effective_scale=1
  Weight写入: 25.17 MB (raw: 25.17 MB, cycles=1689096)
  Weight重写次数: 17 (raw: 17, per complete weight: 17.0)
  Activation读取次数: 17.00x (input act), 写出次数: 12.00x (output act)
  DRAM read: 26.11 KB, write: 196.62 KB
  Mapping: K_factor=1, M_factor=1, N_factor=16
  Tile分割: L2=(1, 1024, 1536), L1=(1, 1024, 1536), loop=nmk, double_buf=True
  Latency (pipeline后): total=1705291 cycles, compute=2993 cycles, dram=13235 cycles
    compute占比=0.2% (compute/raw sum, pipeline中compute与DRAM read重叠)
  TOPS: 0.03 TOPS (flop=0.05 GFLOP, latency=1705.29 us, freq=1.00 GHz)

----- A_mul_V -----
  Shape: M=1, N=128, K=196620
  策略: parallelized, effective_scale=1
  Weight写入: 25.17 MB (raw: 25.17 MB, cycles=1689104)
  Weight重写次数: 25 (raw: 25, per complete weight: 25.0)
  Activation读取次数: 1.00x (input act), 写出次数: 36.00x (output act)
  DRAM read: 196.62 KB, write: 4.61 KB
  Mapping: K_factor=16, M_factor=1, N_factor=1
  Tile分割: L2=(1, 128, 8192), L1=(1, 128, 8192), loop=nmk, double_buf=True
  Latency (pipeline后): total=1692799 cycles, compute=3001 cycles, dram=464 cycles
    compute占比=0.2% (compute/raw sum, pipeline中compute与DRAM read重叠)
  TOPS: 0.03 TOPS (flop=0.05 GFLOP, latency=1692.80 us, freq=1.00 GHz)

----- H_matmul0 -----
  Shape: M=1, N=1536, K=1536
  策略: N/A, effective_scale=1
  Weight写入: 2.36 MB (raw: 2.36 MB, cycles=158352)
  Weight重写次数: 24 (raw: 24, per complete weight: 24.0)
  Activation读取次数: 24.00x (input act), 写出次数: 1.00x (output act)
  DRAM read: 36.86 KB, write: 1.54 KB
  Mapping: K_factor=1, M_factor=1, N_factor=16
  Tile分割: L2=(1, 64, 1536), L1=(1, 64, 1536), loop=nmk, double_buf=True
  Latency (pipeline后): total=158760 cycles, compute=288 cycles, dram=168 cycles
    compute占比=0.2% (compute/raw sum, pipeline中compute与DRAM read重叠)
  TOPS: 0.03 TOPS (flop=0.00 GFLOP, latency=158.76 us, freq=1.00 GHz)

----- Q_proj -----
  Shape: M=1, N=1536, K=1536
  策略: N/A, effective_scale=1
  Weight写入: 2.36 MB (raw: 2.36 MB, cycles=158352)
  Weight重写次数: 24 (raw: 24, per complete weight: 24.0)
  Activation读取次数: 24.00x (input act), 写出次数: 1.00x (output act)
  DRAM read: 36.86 KB, write: 1.54 KB
  Mapping: K_factor=1, M_factor=1, N_factor=16
  Tile分割: L2=(1, 64, 1536), L1=(1, 64, 1536), loop=nmk, double_buf=True
  Latency (pipeline后): total=158760 cycles, compute=288 cycles, dram=168 cycles
    compute占比=0.2% (compute/raw sum, pipeline中compute与DRAM read重叠)
  TOPS: 0.03 TOPS (flop=0.00 GFLOP, latency=158.76 us, freq=1.00 GHz)

----- K_proj -----
  Shape: M=1, N=256, K=1536
  策略: N/A, effective_scale=1
  Weight写入: 393.22 KB (raw: 393.22 KB, cycles=26400)
  Weight重写次数: 16 (raw: 16, per complete weight: 16.0)
  Activation读取次数: 8.00x (input act), 写出次数: 2.00x (output act)
  DRAM read: 12.29 KB, write: 512 B
  Mapping: K_factor=2, M_factor=1, N_factor=8
  Tile分割: L2=(1, 32, 1024), L1=(1, 32, 1024), loop=nmk, double_buf=True
  Latency (pipeline后): total=26512 cycles, compute=48 cycles, dram=64 cycles
    compute占比=0.2% (compute/raw sum, pipeline中compute与DRAM read重叠)
  TOPS: 0.03 TOPS (flop=0.00 GFLOP, latency=26.51 us, freq=1.00 GHz)

----- V_proj -----
  Shape: M=1, N=256, K=1536
  策略: N/A, effective_scale=1
  Weight写入: 393.22 KB (raw: 393.22 KB, cycles=26400)
  Weight重写次数: 16 (raw: 16, per complete weight: 16.0)
  Activation读取次数: 8.00x (input act), 写出次数: 2.00x (output act)
  DRAM read: 12.29 KB, write: 512 B
  Mapping: K_factor=2, M_factor=1, N_factor=8
  Tile分割: L2=(1, 32, 1024), L1=(1, 32, 1024), loop=nmk, double_buf=True
  Latency (pipeline后): total=26512 cycles, compute=48 cycles, dram=64 cycles
    compute占比=0.2% (compute/raw sum, pipeline中compute与DRAM read重叠)
  TOPS: 0.03 TOPS (flop=0.00 GFLOP, latency=26.51 us, freq=1.00 GHz)

----- Gate_proj -----
  Shape: M=1, N=8960, K=1536
  策略: N/A, effective_scale=1
  Weight写入: 13.76 MB (raw: 13.76 MB, cycles=923668)
  Weight重写次数: 18 (raw: 18, per complete weight: 18.0)
  Activation读取次数: 18.00x (input act), 写出次数: 1.00x (output act)
  DRAM read: 27.65 KB, write: 8.96 KB
  Mapping: K_factor=1, M_factor=1, N_factor=16
  Tile分割: L2=(1, 512, 1536), L1=(1, 512, 1536), loop=nmk, double_buf=True
  Latency (pipeline后): total=925926 cycles, compute=1645 cycles, dram=649 cycles
    compute占比=0.2% (compute/raw sum, pipeline中compute与DRAM read重叠)
  TOPS: 0.03 TOPS (flop=0.03 GFLOP, latency=925.93 us, freq=1.00 GHz)

----- Up_proj -----
  Shape: M=1, N=8960, K=1536
  策略: N/A, effective_scale=1
  Weight写入: 13.76 MB (raw: 13.76 MB, cycles=923668)
  Weight重写次数: 18 (raw: 18, per complete weight: 18.0)
  Activation读取次数: 18.00x (input act), 写出次数: 1.00x (output act)
  DRAM read: 27.65 KB, write: 8.96 KB
  Mapping: K_factor=1, M_factor=1, N_factor=16
  Tile分割: L2=(1, 512, 1536), L1=(1, 512, 1536), loop=nmk, double_buf=True
  Latency (pipeline后): total=925926 cycles, compute=1645 cycles, dram=649 cycles
    compute占比=0.2% (compute/raw sum, pipeline中compute与DRAM read重叠)
  TOPS: 0.03 TOPS (flop=0.03 GFLOP, latency=925.93 us, freq=1.00 GHz)

----- Down_proj -----
  Shape: M=1, N=1536, K=8960
  策略: N/A, effective_scale=1
  Weight写入: 13.76 MB (raw: 13.76 MB, cycles=923676)
  Weight重写次数: 24 (raw: 24, per complete weight: 24.0)
  Activation读取次数: 12.00x (input act), 写出次数: 2.00x (output act)
  DRAM read: 107.52 KB, write: 3.07 KB
  Mapping: K_factor=2, M_factor=1, N_factor=8
  Tile分割: L2=(1, 128, 8192), L1=(1, 128, 8192), loop=nmk, double_buf=True
  Latency (pipeline后): total=925560 cycles, compute=1644 cycles, dram=300 cycles
    compute占比=0.2% (compute/raw sum, pipeline中compute与DRAM read重叠)
  TOPS: 0.03 TOPS (flop=0.03 GFLOP, latency=925.56 us, freq=1.00 GHz)

================================================================================
所有Matmul总计: latency=6546047 cycles, compute=11600 cycles, dram=15762 cycles, compute占比=0.2%
所有Matmul总计: TOPS=0.03 TOPS (总FLOP=0.19 GFLOP, 总延迟=6546.05 us)
所有Matmul总计: weight_write_bytes=97.13 MB

================================================================================
完整模型 Decode 汇总 (n_layers=28, output_token_length=8192, 总layer步数=229376)
  总延迟: 1501506032028 cycles (1501506032.03 us, 1501506.0320 ms)
  总FLOP: 44557.40 GFLOP (44.5574 TFLOP)
  总TOPS: 0.03 TOPS
  总 Weight写入: 22278.70 GB
  总 DRAM read: 110.98 GB
  总 DRAM write: 51.91 GB
  注意: 此汇总假设所有decode步骤的KV cache长度相同(近似)
================================================================================
Profiler stats written to ae/figure5/ijkl/transformerAR_CIM_qwen_sim_profiler.json
